17:35:29 **** Build of project oled_test_bsp ****
make -k all 
"Running Make include in ps7_cortexa9_0/libsrc/coresightps_dcc_v1_2/src"
make -C ps7_cortexa9_0/libsrc/coresightps_dcc_v1_2/src -s include  "SHELL=CMD" "COMPILER=arm-xilinx-eabi-gcc" "ARCHIVER=arm-xilinx-eabi-ar" "COMPILER_FLAGS=  -O2 -c" "EXTRA_COMPILER_FLAGS=-g"
"Running Make include in ps7_cortexa9_0/libsrc/cpu_cortexa9_v2_1/src"
make -C ps7_cortexa9_0/libsrc/cpu_cortexa9_v2_1/src -s include  "SHELL=CMD" "COMPILER=arm-xilinx-eabi-gcc" "ARCHIVER=arm-xilinx-eabi-ar" "COMPILER_FLAGS=  -O2 -c" "EXTRA_COMPILER_FLAGS=-g"
"Running Make include in ps7_cortexa9_0/libsrc/ddrps_v1_0/src"
make -C ps7_cortexa9_0/libsrc/ddrps_v1_0/src -s include  "SHELL=CMD" "COMPILER=arm-xilinx-eabi-gcc" "ARCHIVER=arm-xilinx-eabi-ar" "COMPILER_FLAGS=  -O2 -c" "EXTRA_COMPILER_FLAGS=-g"
"Running Make include in ps7_cortexa9_0/libsrc/devcfg_v3_3/src"
make -C ps7_cortexa9_0/libsrc/devcfg_v3_3/src -s include  "SHELL=CMD" "COMPILER=arm-xilinx-eabi-gcc" "ARCHIVER=arm-xilinx-eabi-ar" "COMPILER_FLAGS=  -O2 -c" "EXTRA_COMPILER_FLAGS=-g"
"Running Make include in ps7_cortexa9_0/libsrc/dmaps_v2_1/src"
make -C ps7_cortexa9_0/libsrc/dmaps_v2_1/src -s include  "SHELL=CMD" "COMPILER=arm-xilinx-eabi-gcc" "ARCHIVER=arm-xilinx-eabi-ar" "COMPILER_FLAGS=  -O2 -c" "EXTRA_COMPILER_FLAGS=-g"
"Running Make include in ps7_cortexa9_0/libsrc/emacps_v3_1/src"
make -C ps7_cortexa9_0/libsrc/emacps_v3_1/src -s include  "SHELL=CMD" "COMPILER=arm-xilinx-eabi-gcc" "ARCHIVER=arm-xilinx-eabi-ar" "COMPILER_FLAGS=  -O2 -c" "EXTRA_COMPILER_FLAGS=-g"
"Running Make include in ps7_cortexa9_0/libsrc/gpiops_v3_1/src"
make -C ps7_cortexa9_0/libsrc/gpiops_v3_1/src -s include  "SHELL=CMD" "COMPILER=arm-xilinx-eabi-gcc" "ARCHIVER=arm-xilinx-eabi-ar" "COMPILER_FLAGS=  -O2 -c" "EXTRA_COMPILER_FLAGS=-g"
"Running Make include in ps7_cortexa9_0/libsrc/qspips_v3_2/src"
make -C ps7_cortexa9_0/libsrc/qspips_v3_2/src -s include  "SHELL=CMD" "COMPILER=arm-xilinx-eabi-gcc" "ARCHIVER=arm-xilinx-eabi-ar" "COMPILER_FLAGS=  -O2 -c" "EXTRA_COMPILER_FLAGS=-g"
"Running Make include in ps7_cortexa9_0/libsrc/scugic_v3_1/src"
make -C ps7_cortexa9_0/libsrc/scugic_v3_1/src -s include  "SHELL=CMD" "COMPILER=arm-xilinx-eabi-gcc" "ARCHIVER=arm-xilinx-eabi-ar" "COMPILER_FLAGS=  -O2 -c" "EXTRA_COMPILER_FLAGS=-g"
"Running Make include in ps7_cortexa9_0/libsrc/scutimer_v2_1/src"
make -C ps7_cortexa9_0/libsrc/scutimer_v2_1/src -s include  "SHELL=CMD" "COMPILER=arm-xilinx-eabi-gcc" "ARCHIVER=arm-xilinx-eabi-ar" "COMPILER_FLAGS=  -O2 -c" "EXTRA_COMPILER_FLAGS=-g"
"Running Make include in ps7_cortexa9_0/libsrc/scuwdt_v2_1/src"
make -C ps7_cortexa9_0/libsrc/scuwdt_v2_1/src -s include  "SHELL=CMD" "COMPILER=arm-xilinx-eabi-gcc" "ARCHIVER=arm-xilinx-eabi-ar" "COMPILER_FLAGS=  -O2 -c" "EXTRA_COMPILER_FLAGS=-g"
"Running Make include in ps7_cortexa9_0/libsrc/sdps_v2_6/src"
make -C ps7_cortexa9_0/libsrc/sdps_v2_6/src -s include  "SHELL=CMD" "COMPILER=arm-xilinx-eabi-gcc" "ARCHIVER=arm-xilinx-eabi-ar" "COMPILER_FLAGS=  -O2 -c" "EXTRA_COMPILER_FLAGS=-g"
"Running Make include in ps7_cortexa9_0/libsrc/standalone_v5_3/src"
make -C ps7_cortexa9_0/libsrc/standalone_v5_3/src -s include  "SHELL=CMD" "COMPILER=arm-xilinx-eabi-gcc" "ARCHIVER=arm-xilinx-eabi-ar" "COMPILER_FLAGS=  -O2 -c" "EXTRA_COMPILER_FLAGS=-g"
"Running Make include in ps7_cortexa9_0/libsrc/ttcps_v3_0/src"
make -C ps7_cortexa9_0/libsrc/ttcps_v3_0/src -s include  "SHELL=CMD" "COMPILER=arm-xilinx-eabi-gcc" "ARCHIVER=arm-xilinx-eabi-ar" "COMPILER_FLAGS=  -O2 -c" "EXTRA_COMPILER_FLAGS=-g"
"Running Make include in ps7_cortexa9_0/libsrc/uartps_v3_1/src"
make -C ps7_cortexa9_0/libsrc/uartps_v3_1/src -s include  "SHELL=CMD" "COMPILER=arm-xilinx-eabi-gcc" "ARCHIVER=arm-xilinx-eabi-ar" "COMPILER_FLAGS=  -O2 -c" "EXTRA_COMPILER_FLAGS=-g"
"Running Make include in ps7_cortexa9_0/libsrc/usbps_v2_2/src"
make -C ps7_cortexa9_0/libsrc/usbps_v2_2/src -s include  "SHELL=CMD" "COMPILER=arm-xilinx-eabi-gcc" "ARCHIVER=arm-xilinx-eabi-ar" "COMPILER_FLAGS=  -O2 -c" "EXTRA_COMPILER_FLAGS=-g"
"Running Make include in ps7_cortexa9_0/libsrc/xadcps_v2_2/src"
make -C ps7_cortexa9_0/libsrc/xadcps_v2_2/src -s include  "SHELL=CMD" "COMPILER=arm-xilinx-eabi-gcc" "ARCHIVER=arm-xilinx-eabi-ar" "COMPILER_FLAGS=  -O2 -c" "EXTRA_COMPILER_FLAGS=-g"
"Running Make include in ps7_cortexa9_0/libsrc/ZedboardOLED_v1_0/src"
make -C ps7_cortexa9_0/libsrc/ZedboardOLED_v1_0/src -s include  "SHELL=CMD" "COMPILER=arm-xilinx-eabi-gcc" "ARCHIVER=arm-xilinx-eabi-ar" "COMPILER_FLAGS=  -O2 -c" "EXTRA_COMPILER_FLAGS=-g"
"Running Make libs in ps7_cortexa9_0/libsrc/coresightps_dcc_v1_2/src"
make -C ps7_cortexa9_0/libsrc/coresightps_dcc_v1_2/src -s libs  "SHELL=CMD" "COMPILER=arm-xilinx-eabi-gcc" "ARCHIVER=arm-xilinx-eabi-ar" "COMPILER_FLAGS=  -O2 -c" "EXTRA_COMPILER_FLAGS=-g"
"Compiling coresightps_dcc"
arm-xilinx-eabi-ar: creating ../../../lib/libxil.a
"Running Make libs in ps7_cortexa9_0/libsrc/cpu_cortexa9_v2_1/src"
make -C ps7_cortexa9_0/libsrc/cpu_cortexa9_v2_1/src -s libs  "SHELL=CMD" "COMPILER=arm-xilinx-eabi-gcc" "ARCHIVER=arm-xilinx-eabi-ar" "COMPILER_FLAGS=  -O2 -c" "EXTRA_COMPILER_FLAGS=-g"
"Compiling cpu_cortexa9"
"Running Make libs in ps7_cortexa9_0/libsrc/ddrps_v1_0/src"
make -C ps7_cortexa9_0/libsrc/ddrps_v1_0/src -s libs  "SHELL=CMD" "COMPILER=arm-xilinx-eabi-gcc" "ARCHIVER=arm-xilinx-eabi-ar" "COMPILER_FLAGS=  -O2 -c" "EXTRA_COMPILER_FLAGS=-g"
"Compiling ddrps"
"Running Make libs in ps7_cortexa9_0/libsrc/devcfg_v3_3/src"
make -C ps7_cortexa9_0/libsrc/devcfg_v3_3/src -s libs  "SHELL=CMD" "COMPILER=arm-xilinx-eabi-gcc" "ARCHIVER=arm-xilinx-eabi-ar" "COMPILER_FLAGS=  -O2 -c" "EXTRA_COMPILER_FLAGS=-g"
"Compiling devcfg"
"Running Make libs in ps7_cortexa9_0/libsrc/dmaps_v2_1/src"
make -C ps7_cortexa9_0/libsrc/dmaps_v2_1/src -s libs  "SHELL=CMD" "COMPILER=arm-xilinx-eabi-gcc" "ARCHIVER=arm-xilinx-eabi-ar" "COMPILER_FLAGS=  -O2 -c" "EXTRA_COMPILER_FLAGS=-g"
"Compiling dmaps"
"Running Make libs in ps7_cortexa9_0/libsrc/emacps_v3_1/src"
make -C ps7_cortexa9_0/libsrc/emacps_v3_1/src -s libs  "SHELL=CMD" "COMPILER=arm-xilinx-eabi-gcc" "ARCHIVER=arm-xilinx-eabi-ar" "COMPILER_FLAGS=  -O2 -c" "EXTRA_COMPILER_FLAGS=-g"
"Compiling emacps"
"Running Make libs in ps7_cortexa9_0/libsrc/gpiops_v3_1/src"
make -C ps7_cortexa9_0/libsrc/gpiops_v3_1/src -s libs  "SHELL=CMD" "COMPILER=arm-xilinx-eabi-gcc" "ARCHIVER=arm-xilinx-eabi-ar" "COMPILER_FLAGS=  -O2 -c" "EXTRA_COMPILER_FLAGS=-g"
"Compiling gpiops"
"Running Make libs in ps7_cortexa9_0/libsrc/qspips_v3_2/src"
make -C ps7_cortexa9_0/libsrc/qspips_v3_2/src -s libs  "SHELL=CMD" "COMPILER=arm-xilinx-eabi-gcc" "ARCHIVER=arm-xilinx-eabi-ar" "COMPILER_FLAGS=  -O2 -c" "EXTRA_COMPILER_FLAGS=-g"
"Compiling qspips"
"Running Make libs in ps7_cortexa9_0/libsrc/scugic_v3_1/src"
make -C ps7_cortexa9_0/libsrc/scugic_v3_1/src -s libs  "SHELL=CMD" "COMPILER=arm-xilinx-eabi-gcc" "ARCHIVER=arm-xilinx-eabi-ar" "COMPILER_FLAGS=  -O2 -c" "EXTRA_COMPILER_FLAGS=-g"
"Compiling scugic"
"Running Make libs in ps7_cortexa9_0/libsrc/scutimer_v2_1/src"
make -C ps7_cortexa9_0/libsrc/scutimer_v2_1/src -s libs  "SHELL=CMD" "COMPILER=arm-xilinx-eabi-gcc" "ARCHIVER=arm-xilinx-eabi-ar" "COMPILER_FLAGS=  -O2 -c" "EXTRA_COMPILER_FLAGS=-g"
"Compiling scutimer"
"Running Make libs in ps7_cortexa9_0/libsrc/scuwdt_v2_1/src"
make -C ps7_cortexa9_0/libsrc/scuwdt_v2_1/src -s libs  "SHELL=CMD" "COMPILER=arm-xilinx-eabi-gcc" "ARCHIVER=arm-xilinx-eabi-ar" "COMPILER_FLAGS=  -O2 -c" "EXTRA_COMPILER_FLAGS=-g"
"Compiling scuwdt"
"Running Make libs in ps7_cortexa9_0/libsrc/sdps_v2_6/src"
make -C ps7_cortexa9_0/libsrc/sdps_v2_6/src -s libs  "SHELL=CMD" "COMPILER=arm-xilinx-eabi-gcc" "ARCHIVER=arm-xilinx-eabi-ar" "COMPILER_FLAGS=  -O2 -c" "EXTRA_COMPILER_FLAGS=-g"
"Compiling sdps"
"Running Make libs in ps7_cortexa9_0/libsrc/standalone_v5_3/src"
make -C ps7_cortexa9_0/libsrc/standalone_v5_3/src -s libs  "SHELL=CMD" "COMPILER=arm-xilinx-eabi-gcc" "ARCHIVER=arm-xilinx-eabi-ar" "COMPILER_FLAGS=  -O2 -c" "EXTRA_COMPILER_FLAGS=-g"
"Compiling standalone"
"Running Make libs in ps7_cortexa9_0/libsrc/ttcps_v3_0/src"
make -C ps7_cortexa9_0/libsrc/ttcps_v3_0/src -s libs  "SHELL=CMD" "COMPILER=arm-xilinx-eabi-gcc" "ARCHIVER=arm-xilinx-eabi-ar" "COMPILER_FLAGS=  -O2 -c" "EXTRA_COMPILER_FLAGS=-g"
"Compiling ttcps"
"Running Make libs in ps7_cortexa9_0/libsrc/uartps_v3_1/src"
make -C ps7_cortexa9_0/libsrc/uartps_v3_1/src -s libs  "SHELL=CMD" "COMPILER=arm-xilinx-eabi-gcc" "ARCHIVER=arm-xilinx-eabi-ar" "COMPILER_FLAGS=  -O2 -c" "EXTRA_COMPILER_FLAGS=-g"
"Compiling uartps"
"Running Make libs in ps7_cortexa9_0/libsrc/usbps_v2_2/src"
make -C ps7_cortexa9_0/libsrc/usbps_v2_2/src -s libs  "SHELL=CMD" "COMPILER=arm-xilinx-eabi-gcc" "ARCHIVER=arm-xilinx-eabi-ar" "COMPILER_FLAGS=  -O2 -c" "EXTRA_COMPILER_FLAGS=-g"
"Compiling usbps"
"Running Make libs in ps7_cortexa9_0/libsrc/xadcps_v2_2/src"
make -C ps7_cortexa9_0/libsrc/xadcps_v2_2/src -s libs  "SHELL=CMD" "COMPILER=arm-xilinx-eabi-gcc" "ARCHIVER=arm-xilinx-eabi-ar" "COMPILER_FLAGS=  -O2 -c" "EXTRA_COMPILER_FLAGS=-g"
"Compiling xadcps"
"Running Make libs in ps7_cortexa9_0/libsrc/ZedboardOLED_v1_0/src"
make -C ps7_cortexa9_0/libsrc/ZedboardOLED_v1_0/src -s libs  "SHELL=CMD" "COMPILER=arm-xilinx-eabi-gcc" "ARCHIVER=arm-xilinx-eabi-ar" "COMPILER_FLAGS=  -O2 -c" "EXTRA_COMPILER_FLAGS=-g"
"Compiling ZedboardOLED..."
'Finished building libraries'

**** Build of configuration Debug for project oled_test ****

Nothing to build for project oled_test
17:36:22 **** Auto Build of configuration Debug for project oled_test ****
make all 
'Building file: ../src/oled_test.c'
'Invoking: ARM gcc compiler'
arm-xilinx-eabi-gcc -Wall -O0 -g3 -c -fmessage-length=0 -MT"src/oled_test.o" -I../../oled_test_bsp/ps7_cortexa9_0/include -MMD -MP -MF"src/oled_test.d" -MT"src/oled_test.d" -o "src/oled_test.o" "../src/oled_test.c"
'Finished building: ../src/oled_test.c'
' '
'Building target: oled_test.elf'
'Invoking: ARM gcc linker'
arm-xilinx-eabi-gcc -Wl,-T -Wl,../src/lscript.ld -L../../oled_test_bsp/ps7_cortexa9_0/lib -o "oled_test.elf"  ./src/oled_test.o   -Wl,--start-group,-lxil,-lgcc,-lc,--end-group
../../oled_test_bsp/ps7_cortexa9_0/lib\libxil.a(xil-crt0.o): In function `_start':
C:\Users\emink\Desktop\git\emnkse_Oled\oled_test_bsp\ps7_cortexa9_0\libsrc\standalone_v5_3\src/xil-crt0.S:133: undefined reference to `main'
collect2.exe: error: ld returned 1 exit status
make: *** [oled_test.elf] Hata 1
17:36:54 **** Auto Build of configuration Debug for project oled_test ****
make all 
'Building file: ../src/oled_test.c'
'Invoking: ARM gcc compiler'
arm-xilinx-eabi-gcc -Wall -O0 -g3 -c -fmessage-length=0 -MT"src/oled_test.o" -I../../oled_test_bsp/ps7_cortexa9_0/include -MMD -MP -MF"src/oled_test.d" -MT"src/oled_test.d" -o "src/oled_test.o" "../src/oled_test.c"
../src/oled_test.c: In function 'main':
../src/oled_test.c:8:1: warning: implicit declaration of function 'clear' [-Wimplicit-function-declaration]
 clear();
 ^
../src/oled_test.c:9:1: warning: implicit declaration of function 'print_message' [-Wimplicit-function-declaration]
 print_message("Emin Kose",0);
 ^
'Finished building: ../src/oled_test.c'
' '
'Building target: oled_test.elf'
'Invoking: ARM gcc linker'
arm-xilinx-eabi-gcc -Wl,-T -Wl,../src/lscript.ld -L../../oled_test_bsp/ps7_cortexa9_0/lib -o "oled_test.elf"  ./src/oled_test.o   -Wl,--start-group,-lxil,-lgcc,-lc,--end-group
'Finished building target: oled_test.elf'
' '
'Invoking: ARM Print Size'
arm-xilinx-eabi-size oled_test.elf  |tee "oled_test.elf.size"
   text	   data	    bss	    dec	    hex	filename
  23132	   1152	  22820	  47104	   b800	oled_test.elf
'Finished building: oled_test.elf.size'
' '
17:37:05 **** Clean-only build of configuration Debug for project oled_test ****
make clean 
rm -rf  ./src/oled_test.o  ./src/oled_test.d  oled_test.elf.size  oled_test.elf
' '
17:37:05 **** Clean-only build of project oled_test_bsp ****
make -k clean 
rm -f ps7_cortexa9_0/lib/libxil.a
17:37:05 **** Build of project oled_test_bsp ****
make -k all 
"Running Make include in ps7_cortexa9_0/libsrc/coresightps_dcc_v1_2/src"
make -C ps7_cortexa9_0/libsrc/coresightps_dcc_v1_2/src -s include  "SHELL=CMD" "COMPILER=arm-xilinx-eabi-gcc" "ARCHIVER=arm-xilinx-eabi-ar" "COMPILER_FLAGS=  -O2 -c" "EXTRA_COMPILER_FLAGS=-g"
"Running Make include in ps7_cortexa9_0/libsrc/cpu_cortexa9_v2_1/src"
make -C ps7_cortexa9_0/libsrc/cpu_cortexa9_v2_1/src -s include  "SHELL=CMD" "COMPILER=arm-xilinx-eabi-gcc" "ARCHIVER=arm-xilinx-eabi-ar" "COMPILER_FLAGS=  -O2 -c" "EXTRA_COMPILER_FLAGS=-g"
"Running Make include in ps7_cortexa9_0/libsrc/ddrps_v1_0/src"
make -C ps7_cortexa9_0/libsrc/ddrps_v1_0/src -s include  "SHELL=CMD" "COMPILER=arm-xilinx-eabi-gcc" "ARCHIVER=arm-xilinx-eabi-ar" "COMPILER_FLAGS=  -O2 -c" "EXTRA_COMPILER_FLAGS=-g"
"Running Make include in ps7_cortexa9_0/libsrc/devcfg_v3_3/src"
make -C ps7_cortexa9_0/libsrc/devcfg_v3_3/src -s include  "SHELL=CMD" "COMPILER=arm-xilinx-eabi-gcc" "ARCHIVER=arm-xilinx-eabi-ar" "COMPILER_FLAGS=  -O2 -c" "EXTRA_COMPILER_FLAGS=-g"
"Running Make include in ps7_cortexa9_0/libsrc/dmaps_v2_1/src"
make -C ps7_cortexa9_0/libsrc/dmaps_v2_1/src -s include  "SHELL=CMD" "COMPILER=arm-xilinx-eabi-gcc" "ARCHIVER=arm-xilinx-eabi-ar" "COMPILER_FLAGS=  -O2 -c" "EXTRA_COMPILER_FLAGS=-g"
"Running Make include in ps7_cortexa9_0/libsrc/emacps_v3_1/src"
make -C ps7_cortexa9_0/libsrc/emacps_v3_1/src -s include  "SHELL=CMD" "COMPILER=arm-xilinx-eabi-gcc" "ARCHIVER=arm-xilinx-eabi-ar" "COMPILER_FLAGS=  -O2 -c" "EXTRA_COMPILER_FLAGS=-g"
"Running Make include in ps7_cortexa9_0/libsrc/gpiops_v3_1/src"
make -C ps7_cortexa9_0/libsrc/gpiops_v3_1/src -s include  "SHELL=CMD" "COMPILER=arm-xilinx-eabi-gcc" "ARCHIVER=arm-xilinx-eabi-ar" "COMPILER_FLAGS=  -O2 -c" "EXTRA_COMPILER_FLAGS=-g"
"Running Make include in ps7_cortexa9_0/libsrc/qspips_v3_2/src"
make -C ps7_cortexa9_0/libsrc/qspips_v3_2/src -s include  "SHELL=CMD" "COMPILER=arm-xilinx-eabi-gcc" "ARCHIVER=arm-xilinx-eabi-ar" "COMPILER_FLAGS=  -O2 -c" "EXTRA_COMPILER_FLAGS=-g"
"Running Make include in ps7_cortexa9_0/libsrc/scugic_v3_1/src"
make -C ps7_cortexa9_0/libsrc/scugic_v3_1/src -s include  "SHELL=CMD" "COMPILER=arm-xilinx-eabi-gcc" "ARCHIVER=arm-xilinx-eabi-ar" "COMPILER_FLAGS=  -O2 -c" "EXTRA_COMPILER_FLAGS=-g"
"Running Make include in ps7_cortexa9_0/libsrc/scutimer_v2_1/src"
make -C ps7_cortexa9_0/libsrc/scutimer_v2_1/src -s include  "SHELL=CMD" "COMPILER=arm-xilinx-eabi-gcc" "ARCHIVER=arm-xilinx-eabi-ar" "COMPILER_FLAGS=  -O2 -c" "EXTRA_COMPILER_FLAGS=-g"
"Running Make include in ps7_cortexa9_0/libsrc/scuwdt_v2_1/src"
make -C ps7_cortexa9_0/libsrc/scuwdt_v2_1/src -s include  "SHELL=CMD" "COMPILER=arm-xilinx-eabi-gcc" "ARCHIVER=arm-xilinx-eabi-ar" "COMPILER_FLAGS=  -O2 -c" "EXTRA_COMPILER_FLAGS=-g"
"Running Make include in ps7_cortexa9_0/libsrc/sdps_v2_6/src"
make -C ps7_cortexa9_0/libsrc/sdps_v2_6/src -s include  "SHELL=CMD" "COMPILER=arm-xilinx-eabi-gcc" "ARCHIVER=arm-xilinx-eabi-ar" "COMPILER_FLAGS=  -O2 -c" "EXTRA_COMPILER_FLAGS=-g"
"Running Make include in ps7_cortexa9_0/libsrc/standalone_v5_3/src"
make -C ps7_cortexa9_0/libsrc/standalone_v5_3/src -s include  "SHELL=CMD" "COMPILER=arm-xilinx-eabi-gcc" "ARCHIVER=arm-xilinx-eabi-ar" "COMPILER_FLAGS=  -O2 -c" "EXTRA_COMPILER_FLAGS=-g"
"Running Make include in ps7_cortexa9_0/libsrc/ttcps_v3_0/src"
make -C ps7_cortexa9_0/libsrc/ttcps_v3_0/src -s include  "SHELL=CMD" "COMPILER=arm-xilinx-eabi-gcc" "ARCHIVER=arm-xilinx-eabi-ar" "COMPILER_FLAGS=  -O2 -c" "EXTRA_COMPILER_FLAGS=-g"
"Running Make include in ps7_cortexa9_0/libsrc/uartps_v3_1/src"
make -C ps7_cortexa9_0/libsrc/uartps_v3_1/src -s include  "SHELL=CMD" "COMPILER=arm-xilinx-eabi-gcc" "ARCHIVER=arm-xilinx-eabi-ar" "COMPILER_FLAGS=  -O2 -c" "EXTRA_COMPILER_FLAGS=-g"
"Running Make include in ps7_cortexa9_0/libsrc/usbps_v2_2/src"
make -C ps7_cortexa9_0/libsrc/usbps_v2_2/src -s include  "SHELL=CMD" "COMPILER=arm-xilinx-eabi-gcc" "ARCHIVER=arm-xilinx-eabi-ar" "COMPILER_FLAGS=  -O2 -c" "EXTRA_COMPILER_FLAGS=-g"
"Running Make include in ps7_cortexa9_0/libsrc/xadcps_v2_2/src"
make -C ps7_cortexa9_0/libsrc/xadcps_v2_2/src -s include  "SHELL=CMD" "COMPILER=arm-xilinx-eabi-gcc" "ARCHIVER=arm-xilinx-eabi-ar" "COMPILER_FLAGS=  -O2 -c" "EXTRA_COMPILER_FLAGS=-g"
"Running Make include in ps7_cortexa9_0/libsrc/ZedboardOLED_v1_0/src"
make -C ps7_cortexa9_0/libsrc/ZedboardOLED_v1_0/src -s include  "SHELL=CMD" "COMPILER=arm-xilinx-eabi-gcc" "ARCHIVER=arm-xilinx-eabi-ar" "COMPILER_FLAGS=  -O2 -c" "EXTRA_COMPILER_FLAGS=-g"
"Running Make libs in ps7_cortexa9_0/libsrc/coresightps_dcc_v1_2/src"
make -C ps7_cortexa9_0/libsrc/coresightps_dcc_v1_2/src -s libs  "SHELL=CMD" "COMPILER=arm-xilinx-eabi-gcc" "ARCHIVER=arm-xilinx-eabi-ar" "COMPILER_FLAGS=  -O2 -c" "EXTRA_COMPILER_FLAGS=-g"
"Compiling coresightps_dcc"
arm-xilinx-eabi-ar: creating ../../../lib/libxil.a
"Running Make libs in ps7_cortexa9_0/libsrc/cpu_cortexa9_v2_1/src"
make -C ps7_cortexa9_0/libsrc/cpu_cortexa9_v2_1/src -s libs  "SHELL=CMD" "COMPILER=arm-xilinx-eabi-gcc" "ARCHIVER=arm-xilinx-eabi-ar" "COMPILER_FLAGS=  -O2 -c" "EXTRA_COMPILER_FLAGS=-g"
"Compiling cpu_cortexa9"
"Running Make libs in ps7_cortexa9_0/libsrc/ddrps_v1_0/src"
make -C ps7_cortexa9_0/libsrc/ddrps_v1_0/src -s libs  "SHELL=CMD" "COMPILER=arm-xilinx-eabi-gcc" "ARCHIVER=arm-xilinx-eabi-ar" "COMPILER_FLAGS=  -O2 -c" "EXTRA_COMPILER_FLAGS=-g"
"Compiling ddrps"
"Running Make libs in ps7_cortexa9_0/libsrc/devcfg_v3_3/src"
make -C ps7_cortexa9_0/libsrc/devcfg_v3_3/src -s libs  "SHELL=CMD" "COMPILER=arm-xilinx-eabi-gcc" "ARCHIVER=arm-xilinx-eabi-ar" "COMPILER_FLAGS=  -O2 -c" "EXTRA_COMPILER_FLAGS=-g"
"Compiling devcfg"
"Running Make libs in ps7_cortexa9_0/libsrc/dmaps_v2_1/src"
make -C ps7_cortexa9_0/libsrc/dmaps_v2_1/src -s libs  "SHELL=CMD" "COMPILER=arm-xilinx-eabi-gcc" "ARCHIVER=arm-xilinx-eabi-ar" "COMPILER_FLAGS=  -O2 -c" "EXTRA_COMPILER_FLAGS=-g"
"Compiling dmaps"
"Running Make libs in ps7_cortexa9_0/libsrc/emacps_v3_1/src"
make -C ps7_cortexa9_0/libsrc/emacps_v3_1/src -s libs  "SHELL=CMD" "COMPILER=arm-xilinx-eabi-gcc" "ARCHIVER=arm-xilinx-eabi-ar" "COMPILER_FLAGS=  -O2 -c" "EXTRA_COMPILER_FLAGS=-g"
"Compiling emacps"
"Running Make libs in ps7_cortexa9_0/libsrc/gpiops_v3_1/src"
make -C ps7_cortexa9_0/libsrc/gpiops_v3_1/src -s libs  "SHELL=CMD" "COMPILER=arm-xilinx-eabi-gcc" "ARCHIVER=arm-xilinx-eabi-ar" "COMPILER_FLAGS=  -O2 -c" "EXTRA_COMPILER_FLAGS=-g"
"Compiling gpiops"
"Running Make libs in ps7_cortexa9_0/libsrc/qspips_v3_2/src"
make -C ps7_cortexa9_0/libsrc/qspips_v3_2/src -s libs  "SHELL=CMD" "COMPILER=arm-xilinx-eabi-gcc" "ARCHIVER=arm-xilinx-eabi-ar" "COMPILER_FLAGS=  -O2 -c" "EXTRA_COMPILER_FLAGS=-g"
"Compiling qspips"
"Running Make libs in ps7_cortexa9_0/libsrc/scugic_v3_1/src"
make -C ps7_cortexa9_0/libsrc/scugic_v3_1/src -s libs  "SHELL=CMD" "COMPILER=arm-xilinx-eabi-gcc" "ARCHIVER=arm-xilinx-eabi-ar" "COMPILER_FLAGS=  -O2 -c" "EXTRA_COMPILER_FLAGS=-g"
"Compiling scugic"
"Running Make libs in ps7_cortexa9_0/libsrc/scutimer_v2_1/src"
make -C ps7_cortexa9_0/libsrc/scutimer_v2_1/src -s libs  "SHELL=CMD" "COMPILER=arm-xilinx-eabi-gcc" "ARCHIVER=arm-xilinx-eabi-ar" "COMPILER_FLAGS=  -O2 -c" "EXTRA_COMPILER_FLAGS=-g"
"Compiling scutimer"
"Running Make libs in ps7_cortexa9_0/libsrc/scuwdt_v2_1/src"
make -C ps7_cortexa9_0/libsrc/scuwdt_v2_1/src -s libs  "SHELL=CMD" "COMPILER=arm-xilinx-eabi-gcc" "ARCHIVER=arm-xilinx-eabi-ar" "COMPILER_FLAGS=  -O2 -c" "EXTRA_COMPILER_FLAGS=-g"
"Compiling scuwdt"
"Running Make libs in ps7_cortexa9_0/libsrc/sdps_v2_6/src"
make -C ps7_cortexa9_0/libsrc/sdps_v2_6/src -s libs  "SHELL=CMD" "COMPILER=arm-xilinx-eabi-gcc" "ARCHIVER=arm-xilinx-eabi-ar" "COMPILER_FLAGS=  -O2 -c" "EXTRA_COMPILER_FLAGS=-g"
"Compiling sdps"
"Running Make libs in ps7_cortexa9_0/libsrc/standalone_v5_3/src"
make -C ps7_cortexa9_0/libsrc/standalone_v5_3/src -s libs  "SHELL=CMD" "COMPILER=arm-xilinx-eabi-gcc" "ARCHIVER=arm-xilinx-eabi-ar" "COMPILER_FLAGS=  -O2 -c" "EXTRA_COMPILER_FLAGS=-g"
"Compiling standalone"
"Running Make libs in ps7_cortexa9_0/libsrc/ttcps_v3_0/src"
make -C ps7_cortexa9_0/libsrc/ttcps_v3_0/src -s libs  "SHELL=CMD" "COMPILER=arm-xilinx-eabi-gcc" "ARCHIVER=arm-xilinx-eabi-ar" "COMPILER_FLAGS=  -O2 -c" "EXTRA_COMPILER_FLAGS=-g"
"Compiling ttcps"
"Running Make libs in ps7_cortexa9_0/libsrc/uartps_v3_1/src"
make -C ps7_cortexa9_0/libsrc/uartps_v3_1/src -s libs  "SHELL=CMD" "COMPILER=arm-xilinx-eabi-gcc" "ARCHIVER=arm-xilinx-eabi-ar" "COMPILER_FLAGS=  -O2 -c" "EXTRA_COMPILER_FLAGS=-g"
"Compiling uartps"
"Running Make libs in ps7_cortexa9_0/libsrc/usbps_v2_2/src"
make -C ps7_cortexa9_0/libsrc/usbps_v2_2/src -s libs  "SHELL=CMD" "COMPILER=arm-xilinx-eabi-gcc" "ARCHIVER=arm-xilinx-eabi-ar" "COMPILER_FLAGS=  -O2 -c" "EXTRA_COMPILER_FLAGS=-g"
"Compiling usbps"
"Running Make libs in ps7_cortexa9_0/libsrc/xadcps_v2_2/src"
make -C ps7_cortexa9_0/libsrc/xadcps_v2_2/src -s libs  "SHELL=CMD" "COMPILER=arm-xilinx-eabi-gcc" "ARCHIVER=arm-xilinx-eabi-ar" "COMPILER_FLAGS=  -O2 -c" "EXTRA_COMPILER_FLAGS=-g"
"Compiling xadcps"
"Running Make libs in ps7_cortexa9_0/libsrc/ZedboardOLED_v1_0/src"
make -C ps7_cortexa9_0/libsrc/ZedboardOLED_v1_0/src -s libs  "SHELL=CMD" "COMPILER=arm-xilinx-eabi-gcc" "ARCHIVER=arm-xilinx-eabi-ar" "COMPILER_FLAGS=  -O2 -c" "EXTRA_COMPILER_FLAGS=-g"
"Compiling ZedboardOLED..."
'Finished building libraries'
17:37:25 **** Build of configuration Debug for project oled_test ****
make all 
'Building file: ../src/oled_test.c'
'Invoking: ARM gcc compiler'
arm-xilinx-eabi-gcc -Wall -O0 -g3 -c -fmessage-length=0 -MT"src/oled_test.o" -I../../oled_test_bsp/ps7_cortexa9_0/include -MMD -MP -MF"src/oled_test.d" -MT"src/oled_test.d" -o "src/oled_test.o" "../src/oled_test.c"
../src/oled_test.c: In function 'main':
../src/oled_test.c:8:1: warning: implicit declaration of function 'clear' [-Wimplicit-function-declaration]
 clear();
 ^
../src/oled_test.c:9:1: warning: implicit declaration of function 'print_message' [-Wimplicit-function-declaration]
 print_message("Emin Kose",0);
 ^
'Finished building: ../src/oled_test.c'
' '
'Building target: oled_test.elf'
'Invoking: ARM gcc linker'
arm-xilinx-eabi-gcc -Wl,-T -Wl,../src/lscript.ld -L../../oled_test_bsp/ps7_cortexa9_0/lib -o "oled_test.elf"  ./src/oled_test.o   -Wl,--start-group,-lxil,-lgcc,-lc,--end-group
'Finished building target: oled_test.elf'
' '
'Invoking: ARM Print Size'
arm-xilinx-eabi-size oled_test.elf  |tee "oled_test.elf.size"
   text	   data	    bss	    dec	    hex	filename
  23132	   1152	  22820	  47104	   b800	oled_test.elf
'Finished building: oled_test.elf.size'
' '
17:38:09 **** Incremental Build of configuration Debug for project oled_test ****
make all 
make: `all' için hiçbir þey yapýlmadý.
17:40:17 **** Incremental Build of configuration Debug for project oled_test ****
make all 
make: `all' için hiçbir þey yapýlmadý.
17:40:24 **** Auto Build of configuration Debug for project oled_test ****
make all 
'Building file: ../src/oled_test.c'
'Invoking: ARM gcc compiler'
arm-xilinx-eabi-gcc -Wall -O0 -g3 -c -fmessage-length=0 -MT"src/oled_test.o" -I../../oled_test_bsp/ps7_cortexa9_0/include -MMD -MP -MF"src/oled_test.d" -MT"src/oled_test.d" -o "src/oled_test.o" "../src/oled_test.c"
../src/oled_test.c: In function 'main':
../src/oled_test.c:8:1: warning: implicit declaration of function 'clear' [-Wimplicit-function-declaration]
 clear();
 ^
../src/oled_test.c:9:1: warning: implicit declaration of function 'print_message' [-Wimplicit-function-declaration]
 print_message("Allah",0);
 ^
../src/oled_test.c:11:1: warning: implicit declaration of function 'delay' [-Wimplicit-function-declaration]
 delay(500);
 ^
'Finished building: ../src/oled_test.c'
' '
'Building target: oled_test.elf'
'Invoking: ARM gcc linker'
arm-xilinx-eabi-gcc -Wl,-T -Wl,../src/lscript.ld -L../../oled_test_bsp/ps7_cortexa9_0/lib -o "oled_test.elf"  ./src/oled_test.o   -Wl,--start-group,-lxil,-lgcc,-lc,--end-group
./src/oled_test.o: In function `main':
C:\Users\emink\Desktop\git\emnkse_Oled\oled_test\Debug/../src/oled_test.c:11: undefined reference to `delay'
collect2.exe: error: ld returned 1 exit status
make: *** [oled_test.elf] Hata 1
17:40:52 **** Auto Build of configuration Debug for project oled_test ****
make all 
'Building file: ../src/oled_test.c'
'Invoking: ARM gcc compiler'
arm-xilinx-eabi-gcc -Wall -O0 -g3 -c -fmessage-length=0 -MT"src/oled_test.o" -I../../oled_test_bsp/ps7_cortexa9_0/include -MMD -MP -MF"src/oled_test.d" -MT"src/oled_test.d" -o "src/oled_test.o" "../src/oled_test.c"
../src/oled_test.c:7:16: fatal error: time: No such file or directory
 #include "time"
                ^
compilation terminated.
make: *** [src/oled_test.o] Hata 1
17:41:27 **** Auto Build of configuration Debug for project oled_test ****
make all 
'Building file: ../src/oled_test.c'
'Invoking: ARM gcc compiler'
arm-xilinx-eabi-gcc -Wall -O0 -g3 -c -fmessage-length=0 -MT"src/oled_test.o" -I../../oled_test_bsp/ps7_cortexa9_0/include -MMD -MP -MF"src/oled_test.d" -MT"src/oled_test.d" -o "src/oled_test.o" "../src/oled_test.c"
../src/oled_test.c: In function 'main':
../src/oled_test.c:9:1: warning: implicit declaration of function 'clear' [-Wimplicit-function-declaration]
 clear();
 ^
../src/oled_test.c:10:1: warning: implicit declaration of function 'print_message' [-Wimplicit-function-declaration]
 print_message("Allah",0);
 ^
../src/oled_test.c:12:1: warning: implicit declaration of function 'delay' [-Wimplicit-function-declaration]
 delay(500);
 ^
'Finished building: ../src/oled_test.c'
' '
'Building target: oled_test.elf'
'Invoking: ARM gcc linker'
arm-xilinx-eabi-gcc -Wl,-T -Wl,../src/lscript.ld -L../../oled_test_bsp/ps7_cortexa9_0/lib -o "oled_test.elf"  ./src/oled_test.o   -Wl,--start-group,-lxil,-lgcc,-lc,--end-group
./src/oled_test.o: In function `main':
C:\Users\emink\Desktop\git\emnkse_Oled\oled_test\Debug/../src/oled_test.c:12: undefined reference to `delay'
collect2.exe: error: ld returned 1 exit status
make: *** [oled_test.elf] Hata 1
17:42:17 **** Auto Build of configuration Debug for project oled_test ****
make all 
'Building file: ../src/oled_test.c'
'Invoking: ARM gcc compiler'
arm-xilinx-eabi-gcc -Wall -O0 -g3 -c -fmessage-length=0 -MT"src/oled_test.o" -I../../oled_test_bsp/ps7_cortexa9_0/include -MMD -MP -MF"src/oled_test.d" -MT"src/oled_test.d" -o "src/oled_test.o" "../src/oled_test.c"
../src/oled_test.c: In function 'main':
../src/oled_test.c:10:1: warning: implicit declaration of function 'clear' [-Wimplicit-function-declaration]
 clear();
 ^
../src/oled_test.c:11:1: warning: implicit declaration of function 'print_message' [-Wimplicit-function-declaration]
 print_message("Allah",0);
 ^
../src/oled_test.c:13:1: warning: implicit declaration of function 'delay' [-Wimplicit-function-declaration]
 delay(500);
 ^
'Finished building: ../src/oled_test.c'
' '
'Building target: oled_test.elf'
'Invoking: ARM gcc linker'
arm-xilinx-eabi-gcc -Wl,-T -Wl,../src/lscript.ld -L../../oled_test_bsp/ps7_cortexa9_0/lib -o "oled_test.elf"  ./src/oled_test.o   -Wl,--start-group,-lxil,-lgcc,-lc,--end-group
./src/oled_test.o: In function `main':
C:\Users\emink\Desktop\git\emnkse_Oled\oled_test\Debug/../src/oled_test.c:13: undefined reference to `delay'
collect2.exe: error: ld returned 1 exit status
make: *** [oled_test.elf] Hata 1
17:42:54 **** Auto Build of configuration Debug for project oled_test ****
make all 
'Building file: ../src/oled_test.c'
'Invoking: ARM gcc compiler'
arm-xilinx-eabi-gcc -Wall -O0 -g3 -c -fmessage-length=0 -MT"src/oled_test.o" -I../../oled_test_bsp/ps7_cortexa9_0/include -MMD -MP -MF"src/oled_test.d" -MT"src/oled_test.d" -o "src/oled_test.o" "../src/oled_test.c"
../src/oled_test.c: In function 'main':
../src/oled_test.c:10:1: warning: implicit declaration of function 'clear' [-Wimplicit-function-declaration]
 clear();
 ^
../src/oled_test.c:11:1: warning: implicit declaration of function 'print_message' [-Wimplicit-function-declaration]
 print_message("Allah",0);
 ^
../src/oled_test.c:13:1: warning: implicit declaration of function 'delay' [-Wimplicit-function-declaration]
 delay(500);
 ^
'Finished building: ../src/oled_test.c'
' '
'Building target: oled_test.elf'
'Invoking: ARM gcc linker'
arm-xilinx-eabi-gcc -Wl,-T -Wl,../src/lscript.ld -L../../oled_test_bsp/ps7_cortexa9_0/lib -o "oled_test.elf"  ./src/oled_test.o   -Wl,--start-group,-lxil,-lgcc,-lc,--end-group
./src/oled_test.o: In function `main':
C:\Users\emink\Desktop\git\emnkse_Oled\oled_test\Debug/../src/oled_test.c:13: undefined reference to `delay'
collect2.exe: error: ld returned 1 exit status
make: *** [oled_test.elf] Hata 1
17:43:02 **** Auto Build of configuration Debug for project oled_test ****
make all 
'Building file: ../src/oled_test.c'
'Invoking: ARM gcc compiler'
arm-xilinx-eabi-gcc -Wall -O0 -g3 -c -fmessage-length=0 -MT"src/oled_test.o" -I../../oled_test_bsp/ps7_cortexa9_0/include -MMD -MP -MF"src/oled_test.d" -MT"src/oled_test.d" -o "src/oled_test.o" "../src/oled_test.c"
../src/oled_test.c: In function 'main':
../src/oled_test.c:10:1: warning: implicit declaration of function 'clear' [-Wimplicit-function-declaration]
 clear();
 ^
../src/oled_test.c:11:1: warning: implicit declaration of function 'print_message' [-Wimplicit-function-declaration]
 print_message("Allah",0);
 ^
../src/oled_test.c:13:1: warning: implicit declaration of function 'delay' [-Wimplicit-function-declaration]
 delay(5000);
 ^
'Finished building: ../src/oled_test.c'
' '
'Building target: oled_test.elf'
'Invoking: ARM gcc linker'
arm-xilinx-eabi-gcc -Wl,-T -Wl,../src/lscript.ld -L../../oled_test_bsp/ps7_cortexa9_0/lib -o "oled_test.elf"  ./src/oled_test.o   -Wl,--start-group,-lxil,-lgcc,-lc,--end-group
./src/oled_test.o: In function `main':
C:\Users\emink\Desktop\git\emnkse_Oled\oled_test\Debug/../src/oled_test.c:13: undefined reference to `delay'
collect2.exe: error: ld returned 1 exit status
make: *** [oled_test.elf] Hata 1
17:44:22 **** Auto Build of configuration Debug for project oled_test ****
make all 
'Building file: ../src/oled_test.c'
'Invoking: ARM gcc compiler'
arm-xilinx-eabi-gcc -Wall -O0 -g3 -c -fmessage-length=0 -MT"src/oled_test.o" -I../../oled_test_bsp/ps7_cortexa9_0/include -MMD -MP -MF"src/oled_test.d" -MT"src/oled_test.d" -o "src/oled_test.o" "../src/oled_test.c"
../src/oled_test.c: In function 'main':
../src/oled_test.c:9:1: warning: implicit declaration of function 'clear' [-Wimplicit-function-declaration]
 clear();
 ^
../src/oled_test.c:10:1: warning: implicit declaration of function 'print_message' [-Wimplicit-function-declaration]
 print_message("Allah",0);
 ^
../src/oled_test.c:12:1: warning: implicit declaration of function 'sleep' [-Wimplicit-function-declaration]
 sleep(500);
 ^
'Finished building: ../src/oled_test.c'
' '
'Building target: oled_test.elf'
'Invoking: ARM gcc linker'
arm-xilinx-eabi-gcc -Wl,-T -Wl,../src/lscript.ld -L../../oled_test_bsp/ps7_cortexa9_0/lib -o "oled_test.elf"  ./src/oled_test.o   -Wl,--start-group,-lxil,-lgcc,-lc,--end-group
'Finished building target: oled_test.elf'
' '
'Invoking: ARM Print Size'
arm-xilinx-eabi-size oled_test.elf  |tee "oled_test.elf.size"
   text	   data	    bss	    dec	    hex	filename
  23196	   1152	  22820	  47168	   b840	oled_test.elf
'Finished building: oled_test.elf.size'
' '
17:44:27 **** Incremental Build of configuration Debug for project oled_test ****
make all 
make: `all' için hiçbir þey yapýlmadý.
17:45:08 **** Auto Build of configuration Debug for project oled_test ****
make all 
'Building file: ../src/oled_test.c'
'Invoking: ARM gcc compiler'
arm-xilinx-eabi-gcc -Wall -O0 -g3 -c -fmessage-length=0 -MT"src/oled_test.o" -I../../oled_test_bsp/ps7_cortexa9_0/include -MMD -MP -MF"src/oled_test.d" -MT"src/oled_test.d" -o "src/oled_test.o" "../src/oled_test.c"
../src/oled_test.c: In function 'main':
../src/oled_test.c:9:1: warning: implicit declaration of function 'clear' [-Wimplicit-function-declaration]
 clear();
 ^
../src/oled_test.c:10:1: warning: implicit declaration of function 'print_message' [-Wimplicit-function-declaration]
 print_message("Allah",0);
 ^
../src/oled_test.c:12:1: warning: implicit declaration of function 'sleep' [-Wimplicit-function-declaration]
 sleep(5);
 ^
'Finished building: ../src/oled_test.c'
' '
'Building target: oled_test.elf'
'Invoking: ARM gcc linker'
arm-xilinx-eabi-gcc -Wl,-T -Wl,../src/lscript.ld -L../../oled_test_bsp/ps7_cortexa9_0/lib -o "oled_test.elf"  ./src/oled_test.o   -Wl,--start-group,-lxil,-lgcc,-lc,--end-group
'Finished building target: oled_test.elf'
' '
'Invoking: ARM Print Size'
arm-xilinx-eabi-size oled_test.elf  |tee "oled_test.elf.size"
   text	   data	    bss	    dec	    hex	filename
  23196	   1152	  22820	  47168	   b840	oled_test.elf
'Finished building: oled_test.elf.size'
' '
17:45:11 **** Incremental Build of configuration Debug for project oled_test ****
make all 
make: `all' için hiçbir þey yapýlmadý.
17:45:41 **** Incremental Build of configuration Debug for project oled_test ****
make all 
make: `all' için hiçbir þey yapýlmadý.
17:45:53 **** Auto Build of configuration Debug for project oled_test ****
make all 
'Building file: ../src/oled_test.c'
'Invoking: ARM gcc compiler'
arm-xilinx-eabi-gcc -Wall -O0 -g3 -c -fmessage-length=0 -MT"src/oled_test.o" -I../../oled_test_bsp/ps7_cortexa9_0/include -MMD -MP -MF"src/oled_test.d" -MT"src/oled_test.d" -o "src/oled_test.o" "../src/oled_test.c"
../src/oled_test.c: In function 'main':
../src/oled_test.c:9:1: warning: implicit declaration of function 'clear' [-Wimplicit-function-declaration]
 clear();
 ^
../src/oled_test.c:10:1: warning: implicit declaration of function 'print_message' [-Wimplicit-function-declaration]
 print_message("Allah",0);
 ^
../src/oled_test.c:12:1: warning: implicit declaration of function 'sleep' [-Wimplicit-function-declaration]
 sleep(2);
 ^
'Finished building: ../src/oled_test.c'
' '
'Building target: oled_test.elf'
'Invoking: ARM gcc linker'
arm-xilinx-eabi-gcc -Wl,-T -Wl,../src/lscript.ld -L../../oled_test_bsp/ps7_cortexa9_0/lib -o "oled_test.elf"  ./src/oled_test.o   -Wl,--start-group,-lxil,-lgcc,-lc,--end-group
'Finished building target: oled_test.elf'
' '
'Invoking: ARM Print Size'
arm-xilinx-eabi-size oled_test.elf  |tee "oled_test.elf.size"
   text	   data	    bss	    dec	    hex	filename
  23196	   1152	  22820	  47168	   b840	oled_test.elf
'Finished building: oled_test.elf.size'
' '
17:45:56 **** Incremental Build of configuration Debug for project oled_test ****
make all 
make: `all' için hiçbir þey yapýlmadý.
17:47:15 **** Auto Build of configuration Debug for project oled_test ****
make all 
'Building file: ../src/oled_test.c'
'Invoking: ARM gcc compiler'
arm-xilinx-eabi-gcc -Wall -O0 -g3 -c -fmessage-length=0 -MT"src/oled_test.o" -I../../oled_test_bsp/ps7_cortexa9_0/include -MMD -MP -MF"src/oled_test.d" -MT"src/oled_test.d" -o "src/oled_test.o" "../src/oled_test.c"
../src/oled_test.c: In function 'main':
../src/oled_test.c:9:1: warning: implicit declaration of function 'clear' [-Wimplicit-function-declaration]
 clear();
 ^
../src/oled_test.c:12:2: warning: statement with no effect [-Wunused-value]
  for(i;i<500;<i++)
  ^
../src/oled_test.c:12:14: error: expected expression before '<' token
  for(i;i<500;<i++)
              ^
../src/oled_test.c:14:4: warning: implicit declaration of function 'print_message' [-Wimplicit-function-declaration]
    print_message("Allah",0);
    ^
../src/oled_test.c:16:4: warning: implicit declaration of function 'sleep' [-Wimplicit-function-declaration]
    sleep(2);
    ^
make: *** [src/oled_test.o] Hata 1
17:47:41 **** Auto Build of configuration Debug for project oled_test ****
make all 
'Building file: ../src/oled_test.c'
'Invoking: ARM gcc compiler'
arm-xilinx-eabi-gcc -Wall -O0 -g3 -c -fmessage-length=0 -MT"src/oled_test.o" -I../../oled_test_bsp/ps7_cortexa9_0/include -MMD -MP -MF"src/oled_test.d" -MT"src/oled_test.d" -o "src/oled_test.o" "../src/oled_test.c"
../src/oled_test.c: In function 'main':
../src/oled_test.c:9:1: warning: implicit declaration of function 'clear' [-Wimplicit-function-declaration]
 clear();
 ^
../src/oled_test.c:12:2: warning: statement with no effect [-Wunused-value]
  for(i; i<500;i++)
  ^
../src/oled_test.c:14:4: warning: implicit declaration of function 'print_message' [-Wimplicit-function-declaration]
    print_message("Allah",0);
    ^
../src/oled_test.c:16:4: warning: implicit declaration of function 'sleep' [-Wimplicit-function-declaration]
    sleep(2);
    ^
'Finished building: ../src/oled_test.c'
' '
'Building target: oled_test.elf'
'Invoking: ARM gcc linker'
arm-xilinx-eabi-gcc -Wl,-T -Wl,../src/lscript.ld -L../../oled_test_bsp/ps7_cortexa9_0/lib -o "oled_test.elf"  ./src/oled_test.o   -Wl,--start-group,-lxil,-lgcc,-lc,--end-group
'Finished building target: oled_test.elf'
' '
'Invoking: ARM Print Size'
arm-xilinx-eabi-size oled_test.elf  |tee "oled_test.elf.size"
   text	   data	    bss	    dec	    hex	filename
  23260	   1152	  22820	  47232	   b880	oled_test.elf
'Finished building: oled_test.elf.size'
' '
17:47:44 **** Incremental Build of configuration Debug for project oled_test ****
make all 
make: `all' için hiçbir þey yapýlmadý.
17:48:01 **** Auto Build of configuration Debug for project oled_test ****
make all 
'Building file: ../src/oled_test.c'
'Invoking: ARM gcc compiler'
arm-xilinx-eabi-gcc -Wall -O0 -g3 -c -fmessage-length=0 -MT"src/oled_test.o" -I../../oled_test_bsp/ps7_cortexa9_0/include -MMD -MP -MF"src/oled_test.d" -MT"src/oled_test.d" -o "src/oled_test.o" "../src/oled_test.c"
../src/oled_test.c: In function 'main':
../src/oled_test.c:9:1: warning: implicit declaration of function 'clear' [-Wimplicit-function-declaration]
 clear();
 ^
../src/oled_test.c:12:2: warning: statement with no effect [-Wunused-value]
  for(i; i<500;i++)
  ^
../src/oled_test.c:14:4: warning: implicit declaration of function 'print_message' [-Wimplicit-function-declaration]
    print_message("Allah",0);
    ^
../src/oled_test.c:16:4: warning: implicit declaration of function 'sleep' [-Wimplicit-function-declaration]
    sleep(2);
    ^
'Finished building: ../src/oled_test.c'
' '
'Building target: oled_test.elf'
'Invoking: ARM gcc linker'
arm-xilinx-eabi-gcc -Wl,-T -Wl,../src/lscript.ld -L../../oled_test_bsp/ps7_cortexa9_0/lib -o "oled_test.elf"  ./src/oled_test.o   -Wl,--start-group,-lxil,-lgcc,-lc,--end-group
'Finished building target: oled_test.elf'
' '
'Invoking: ARM Print Size'
arm-xilinx-eabi-size oled_test.elf  |tee "oled_test.elf.size"
   text	   data	    bss	    dec	    hex	filename
  23260	   1152	  22820	  47232	   b880	oled_test.elf
'Finished building: oled_test.elf.size'
' '
17:48:04 **** Incremental Build of configuration Debug for project oled_test ****
make all 
make: `all' için hiçbir þey yapýlmadý.
17:48:24 **** Auto Build of configuration Debug for project oled_test ****
make all 
'Building file: ../src/oled_test.c'
'Invoking: ARM gcc compiler'
arm-xilinx-eabi-gcc -Wall -O0 -g3 -c -fmessage-length=0 -MT"src/oled_test.o" -I../../oled_test_bsp/ps7_cortexa9_0/include -MMD -MP -MF"src/oled_test.d" -MT"src/oled_test.d" -o "src/oled_test.o" "../src/oled_test.c"
../src/oled_test.c: In function 'main':
../src/oled_test.c:9:1: warning: implicit declaration of function 'clear' [-Wimplicit-function-declaration]
 clear();
 ^
../src/oled_test.c:12:2: warning: statement with no effect [-Wunused-value]
  for(i; i<500;i++)
  ^
../src/oled_test.c:14:4: warning: implicit declaration of function 'print_message' [-Wimplicit-function-declaration]
    print_message("Allah",0);
    ^
../src/oled_test.c:16:4: warning: implicit declaration of function 'sleep' [-Wimplicit-function-declaration]
    sleep(2);
    ^
'Finished building: ../src/oled_test.c'
' '
'Building target: oled_test.elf'
'Invoking: ARM gcc linker'
arm-xilinx-eabi-gcc -Wl,-T -Wl,../src/lscript.ld -L../../oled_test_bsp/ps7_cortexa9_0/lib -o "oled_test.elf"  ./src/oled_test.o   -Wl,--start-group,-lxil,-lgcc,-lc,--end-group
'Finished building target: oled_test.elf'
' '
'Invoking: ARM Print Size'
arm-xilinx-eabi-size oled_test.elf  |tee "oled_test.elf.size"
   text	   data	    bss	    dec	    hex	filename
  23260	   1152	  22820	  47232	   b880	oled_test.elf
'Finished building: oled_test.elf.size'
' '
17:48:26 **** Incremental Build of configuration Debug for project oled_test ****
make all 
make: `all' için hiçbir þey yapýlmadý.
17:51:56 **** Auto Build of configuration Debug for project oled_test ****
make all 
'Building file: ../src/oled_test.c'
'Invoking: ARM gcc compiler'
arm-xilinx-eabi-gcc -Wall -O0 -g3 -c -fmessage-length=0 -MT"src/oled_test.o" -I../../oled_test_bsp/ps7_cortexa9_0/include -MMD -MP -MF"src/oled_test.d" -MT"src/oled_test.d" -o "src/oled_test.o" "../src/oled_test.c"
../src/oled_test.c: In function 'main':
../src/oled_test.c:9:1: warning: implicit declaration of function 'clear' [-Wimplicit-function-declaration]
 clear();
 ^
../src/oled_test.c:12:2: warning: statement with no effect [-Wunused-value]
  for(i; i<500;i++)
  ^
../src/oled_test.c:14:4: warning: implicit declaration of function 'print_message' [-Wimplicit-function-declaration]
    print_message("Allah",0);
    ^
../src/oled_test.c:17:4: warning: implicit declaration of function 'sleep' [-Wimplicit-function-declaration]
    sleep(2);
    ^
'Finished building: ../src/oled_test.c'
' '
'Building target: oled_test.elf'
'Invoking: ARM gcc linker'
arm-xilinx-eabi-gcc -Wl,-T -Wl,../src/lscript.ld -L../../oled_test_bsp/ps7_cortexa9_0/lib -o "oled_test.elf"  ./src/oled_test.o   -Wl,--start-group,-lxil,-lgcc,-lc,--end-group
'Finished building target: oled_test.elf'
' '
'Invoking: ARM Print Size'
arm-xilinx-eabi-size oled_test.elf  |tee "oled_test.elf.size"
   text	   data	    bss	    dec	    hex	filename
  23272	   1152	  22820	  47244	   b88c	oled_test.elf
'Finished building: oled_test.elf.size'
' '
17:51:58 **** Incremental Build of configuration Debug for project oled_test ****
make all 
make: `all' için hiçbir þey yapýlmadý.
17:52:13 **** Auto Build of configuration Debug for project oled_test ****
make all 
'Building file: ../src/oled_test.c'
'Invoking: ARM gcc compiler'
arm-xilinx-eabi-gcc -Wall -O0 -g3 -c -fmessage-length=0 -MT"src/oled_test.o" -I../../oled_test_bsp/ps7_cortexa9_0/include -MMD -MP -MF"src/oled_test.d" -MT"src/oled_test.d" -o "src/oled_test.o" "../src/oled_test.c"
../src/oled_test.c: In function 'main':
../src/oled_test.c:9:1: warning: implicit declaration of function 'clear' [-Wimplicit-function-declaration]
 clear();
 ^
../src/oled_test.c:12:2: warning: statement with no effect [-Wunused-value]
  for(i; i<500;i++)
  ^
../src/oled_test.c:14:4: warning: implicit declaration of function 'print_message' [-Wimplicit-function-declaration]
    print_message("Allah",0);
    ^
../src/oled_test.c:17:4: warning: implicit declaration of function 'sleep' [-Wimplicit-function-declaration]
    sleep(2);
    ^
'Finished building: ../src/oled_test.c'
' '
'Building target: oled_test.elf'
'Invoking: ARM gcc linker'
arm-xilinx-eabi-gcc -Wl,-T -Wl,../src/lscript.ld -L../../oled_test_bsp/ps7_cortexa9_0/lib -o "oled_test.elf"  ./src/oled_test.o   -Wl,--start-group,-lxil,-lgcc,-lc,--end-group
'Finished building target: oled_test.elf'
' '
'Invoking: ARM Print Size'
arm-xilinx-eabi-size oled_test.elf  |tee "oled_test.elf.size"
   text	   data	    bss	    dec	    hex	filename
  23276	   1152	  22820	  47248	   b890	oled_test.elf
'Finished building: oled_test.elf.size'
' '
17:52:15 **** Incremental Build of configuration Debug for project oled_test ****
make all 
make: `all' için hiçbir þey yapýlmadý.
17:52:31 **** Auto Build of configuration Debug for project oled_test ****
make all 
'Building file: ../src/oled_test.c'
'Invoking: ARM gcc compiler'
arm-xilinx-eabi-gcc -Wall -O0 -g3 -c -fmessage-length=0 -MT"src/oled_test.o" -I../../oled_test_bsp/ps7_cortexa9_0/include -MMD -MP -MF"src/oled_test.d" -MT"src/oled_test.d" -o "src/oled_test.o" "../src/oled_test.c"
../src/oled_test.c: In function 'main':
../src/oled_test.c:9:1: warning: implicit declaration of function 'clear' [-Wimplicit-function-declaration]
 clear();
 ^
../src/oled_test.c:12:2: warning: statement with no effect [-Wunused-value]
  for(i; i<500;i++)
  ^
../src/oled_test.c:14:4: warning: implicit declaration of function 'print_message' [-Wimplicit-function-declaration]
    print_message("Allah",0);
    ^
../src/oled_test.c:17:4: warning: implicit declaration of function 'sleep' [-Wimplicit-function-declaration]
    sleep(2);
    ^
'Finished building: ../src/oled_test.c'
' '
'Building target: oled_test.elf'
'Invoking: ARM gcc linker'
arm-xilinx-eabi-gcc -Wl,-T -Wl,../src/lscript.ld -L../../oled_test_bsp/ps7_cortexa9_0/lib -o "oled_test.elf"  ./src/oled_test.o   -Wl,--start-group,-lxil,-lgcc,-lc,--end-group
'Finished building target: oled_test.elf'
' '
'Invoking: ARM Print Size'
arm-xilinx-eabi-size oled_test.elf  |tee "oled_test.elf.size"
   text	   data	    bss	    dec	    hex	filename
  23272	   1152	  22820	  47244	   b88c	oled_test.elf
'Finished building: oled_test.elf.size'
' '
17:52:34 **** Incremental Build of configuration Debug for project oled_test ****
make all 
make: `all' için hiçbir þey yapýlmadý.
17:59:52 **** Incremental Build of configuration Debug for project oled_test ****
make all 
make: `all' için hiçbir þey yapýlmadý.
18:00:17 **** Incremental Build of configuration Debug for project oled_test ****
make all 
make: `all' için hiçbir þey yapýlmadý.
18:00:31 **** Auto Build of configuration Debug for project oled_test ****
make all 
'Building file: ../src/oled_test.c'
'Invoking: ARM gcc compiler'
arm-xilinx-eabi-gcc -Wall -O0 -g3 -c -fmessage-length=0 -MT"src/oled_test.o" -I../../oled_test_bsp/ps7_cortexa9_0/include -MMD -MP -MF"src/oled_test.d" -MT"src/oled_test.d" -o "src/oled_test.o" "../src/oled_test.c"
../src/oled_test.c: In function 'main':
../src/oled_test.c:9:1: warning: implicit declaration of function 'clear' [-Wimplicit-function-declaration]
 clear();
 ^
../src/oled_test.c:12:2: warning: statement with no effect [-Wunused-value]
  for(i; i<500;i++)
  ^
../src/oled_test.c:14:4: warning: implicit declaration of function 'print_message' [-Wimplicit-function-declaration]
    print_message("Allah",0);
    ^
../src/oled_test.c:17:4: warning: implicit declaration of function 'sleep' [-Wimplicit-function-declaration]
    sleep(2);
    ^
'Finished building: ../src/oled_test.c'
' '
'Building target: oled_test.elf'
'Invoking: ARM gcc linker'
arm-xilinx-eabi-gcc -Wl,-T -Wl,../src/lscript.ld -L../../oled_test_bsp/ps7_cortexa9_0/lib -o "oled_test.elf"  ./src/oled_test.o   -Wl,--start-group,-lxil,-lgcc,-lc,--end-group
'Finished building target: oled_test.elf'
' '
'Invoking: ARM Print Size'
arm-xilinx-eabi-size oled_test.elf  |tee "oled_test.elf.size"
   text	   data	    bss	    dec	    hex	filename
  23272	   1152	  22820	  47244	   b88c	oled_test.elf
'Finished building: oled_test.elf.size'
' '
